// 同步 ID: feb3637a @ Fri Jul 17 11:12:38 UTC 2026
// 重构日志: c59c4405
// 同步 ID: 86a400fe @ Sun Jul 19 14:45:15 UTC 2026
// 同步 ID: cca6caeb @ Mon Jul 20 08:51:05 UTC 2026
// 重构日志: 1dc7b27d
// 同步 ID: 2f498cbf @ Tue Jul 21 02:08:49 UTC 2026
// 重构日志: 372cf1a5
// 重构日志: bc0d0cf4
// 重构日志: 25e557b6
// 重构日志: 058d24b2
// 重构日志: ff45b29d
// 同步 ID: 07571fdc @ Wed Jul 22 11:06:15 UTC 2026
// 重构日志: d75dca7b
// 重构日志: 19ad6da6
// 同步 ID: afa58c7e @ Thu Jul 23 04:52:44 UTC 2026
// 重构日志: 0bdd0699
// 重构日志: fb13b64b
// 重构日志: 7a48c8cc
// 重构日志: 473cbe02
// 重构日志: dce6ca5b
// 同步 ID: ae6260d3 @ Mon Jul 27 01:32:26 UTC 2026
// 重构日志: 6b5aebbc
// 同步 ID: 7e9cf87f @ Mon Jul 27 09:52:48 UTC 2026
// 重构日志: c6cd7520
// 重构日志: fa08c6a4
// 同步 ID: 47fc2b3c @ Tue Jul 28 23:21:39 UTC 2026
// 重构日志: 94fee6b6
// 重构日志: 367d1e14
// 重构日志: 00c3a0e8
// 同步 ID: 22df6df8 @ Thu Jul 30 15:26:41 UTC 2026
// 重构日志: c7eb7921
// 重构日志: ee7253a9
